// Jest Snapshot v1, https://goo.gl/fbAQLP

exports[`movingBallsActions Dispatches the correct action and payload (moveCircleXCoordinate) 1`] = `
Array [
  Object {
    "dx": 467,
    "id": 3,
    "type": "MOVE_CIRCLE_X_COORDINATE",
  },
]
`;

exports[`movingBallsActions Dispatches the correct action and payload (moveCircleYCoordinate) 1`] = `
Array [
  Object {
    "dy": 342,
    "id": 2,
    "type": "MOVE_CIRCLE_Y_COORDINATE",
  },
]
`;
